[backblue.gif]
[fade.gif]
[index.html]
[okinawa-lagoon.jp/js/jquery-3.2.1.min.js]
[okinawa-lagoon.jp/js/respond.js]
[okinawa-lagoon.jp/js/common.js]
[okinawa-lagoon.jp/img/scroll.png]
[okinawa-lagoon.jp/img/main_content1_icon.png]
[okinawa-lagoon.jp/img/main_content_arrow.png]
[okinawa-lagoon.jp/img/main_content1.png]
[okinawa-lagoon.jp/img/main_content2_icon.png]
[okinawa-lagoon.jp/img/main_content2.png]
[okinawa-lagoon.jp/img/main_content3_icon.png]
[okinawa-lagoon.jp/img/main_content3.png]
[okinawa-lagoon.jp/img/main_content4_icon.png]
[okinawa-lagoon.jp/img/main_content4.png]
[okinawa-lagoon.jp/img/top_reserve_icon.png]
[okinawa-lagoon.jp/img/top_access_icon.png]
[okinawa-lagoon.jp/img/page_top.png]
[okinawa-lagoon.jp/index.html]
[okinawa-lagoon.jp/css/import.css]
[okinawa-lagoon.jp/css/top.css]
[okinawa-lagoon.jp/img/logo.png]
[okinawa-lagoon.jp/js/jquery.cookie.js]
[okinawa-lagoon.jp/header_nav.html]
[okinawa-lagoon.jp/footer.html]
[okinawa-lagoon.jp/img/movie_bg.html]
[okinawa-lagoon.jp/js/jquery.bxslider.js]
[okinawa-lagoon.jp/img/slider/day_charter01_pc.jpg]
[okinawa-lagoon.jp/img/slider/day_charter02_pc.jpg]
[okinawa-lagoon.jp/img/slider/day_charter03_pc.jpg]
[okinawa-lagoon.jp/img/slider/day_charter04_pc.jpg]
[okinawa-lagoon.jp/img/slider/day_charter05_pc.jpg]
[okinawa-lagoon.jp/img/slider/day_charter06_pc.jpg]
[okinawa-lagoon.jp/img/h2_day_charter.png]
[okinawa-lagoon.jp/day_charter/index.html]
[okinawa-lagoon.jp/img/slider/stay_charter01_pc.jpg]
[okinawa-lagoon.jp/img/slider/stay_charter02_pc.jpg]
[okinawa-lagoon.jp/img/slider/stay_charter03_pc.jpg]
[okinawa-lagoon.jp/img/slider/stay_charter04_pc.jpg]
[okinawa-lagoon.jp/img/slider/stay_charter05_pc.jpg]
[okinawa-lagoon.jp/img/slider/stay_charter06_pc.jpg]
[okinawa-lagoon.jp/img/h2_stay_charter.png]
[okinawa-lagoon.jp/img/line_pc.png]
[okinawa-lagoon.jp/stay_charter/index.html]
[okinawa-lagoon.jp/img/slider/option01_pc.jpg]
[okinawa-lagoon.jp/img/slider/option02_pc.jpg]
[okinawa-lagoon.jp/img/slider/option03_pc.jpg]
[okinawa-lagoon.jp/img/slider/option04_pc.jpg]
[okinawa-lagoon.jp/img/slider/option05_pc.jpg]
[okinawa-lagoon.jp/img/slider/option06_pc.jpg]
[okinawa-lagoon.jp/img/option.png]
[okinawa-lagoon.jp/option/index.html]
[okinawa-lagoon.jp/img/slider/used_boat01_pc.jpg]
[okinawa-lagoon.jp/img/slider/used_boat02_pc.jpg]
[okinawa-lagoon.jp/img/slider/used_boat03_pc.jpg]
[okinawa-lagoon.jp/img/slider/used_boat04_pc.jpg]
[okinawa-lagoon.jp/img/slider/used_boat05_pc.jpg]
[okinawa-lagoon.jp/img/slider/used_boat06_pc.jpg]
[okinawa-lagoon.jp/img/used_boat.png]
[okinawa-lagoon.jp/used_boat/index.html]
[okinawa-lagoon.jp/img/contact_icon2.png]
[okinawa-lagoon.jp/contact/index.html]
[okinawa-lagoon.jp/reserve/index.html]
[okinawa-lagoon.jp/css/reset.css]
[okinawa-lagoon.jp/css/common.css]
[okinawa-lagoon.jp/css/sp_common.css]
[okinawa-lagoon.jp/css/drawer.min.css]
[okinawa-lagoon.jp/img/h2_policy.png]
[okinawa-lagoon.jp/policy/index.html]
[okinawa-lagoon.jp/css/style.css]
[okinawa-lagoon.jp/css/jquery.bxslider.css]
[okinawa-lagoon.jp/css/images/bx_loader.html]
[okinawa-lagoon.jp/css/images/controls.html]
